Starting localtunnel connection to port 5001 with subdomain 'cerevyn-portal'...
Tunnel process started with PID 9955
[localtunnel] Your url is: https://cerevyn-portal.loca.lt
[localtunnel] Error=[[Errno 32] Broken pipe]
Error detected in tunnel output, terminating process...
Tunnel process exited with code -15. Restarting in 5 seconds...
Tunnel process started with PID 10149
[localtunnel] Your url is: https://rude-squid-17.loca.lt
[localtunnel] Error=[[Errno 54] Connection reset by peer]
Error detected in tunnel output, terminating process...
Tunnel process exited with code -15. Restarting in 5 seconds...
Tunnel process started with PID 11778
[localtunnel] Your url is: https://cerevyn-portal.loca.lt
[localtunnel] Error=[[Errno 54] Connection reset by peer]
Error detected in tunnel output, terminating process...
Tunnel process exited with code -15. Restarting in 5 seconds...
Tunnel process started with PID 11887
[localtunnel] Your url is: https://honest-seahorse-67.loca.lt
[localtunnel] Error=[[Errno 54] Connection reset by peer]
Error detected in tunnel output, terminating process...
Tunnel process exited with code -15. Restarting in 5 seconds...
Tunnel process started with PID 12564
[localtunnel] Your url is: https://cerevyn-portal.loca.lt
[localtunnel] Error=[[Errno 54] Connection reset by peer]
Error detected in tunnel output, terminating process...
Tunnel process exited with code -15. Restarting in 5 seconds...
Tunnel process started with PID 12651
[localtunnel] Your url is: https://cerevyn-portal.loca.lt
Tunnel process exited with code -9. Restarting in 5 seconds...
Starting localtunnel connection to port 5001 with subdomain 'cerevyn-portal'...
Tunnel process started with PID 13786
[localtunnel] Your url is: https://cerevyn-portal.loca.lt
Tunnel process exited with code -9. Restarting in 5 seconds...
Starting localtunnel connection to port 5001 with subdomain 'cerevyn-portal'...
Tunnel process started with PID 14185
[localtunnel] Your url is: https://cerevyn-portal.loca.lt
Tunnel process exited with code -9. Restarting in 5 seconds...
Starting localtunnel connection to port 5001 with subdomain 'cerevyn-portal'...
Tunnel process started with PID 14317
[localtunnel] Your url is: https://new-bulldog-12.loca.lt
[localtunnel] Error=[[Errno 54] Connection reset by peer]
Error detected in tunnel output, terminating process...
Tunnel process exited with code -15. Restarting in 5 seconds...
Tunnel process started with PID 14761
[localtunnel] Your url is: https://cerevyn-portal.loca.lt
